journey_http: negative — 63 probes (dry_run=false)
base: http://192.168.2.2

PASS NP-62 HTTP 500
UNASSERTED NP-90 HTTP 404
PASS NP-01 HTTP 400
PASS NP-02 HTTP 400
PASS NP-03 HTTP 400
PASS NP-04 HTTP 400
PASS NP-05 HTTP 400
PASS NP-06 HTTP 400
PASS NP-07 HTTP 400
PASS NP-08 HTTP 400
UNASSERTED NP-09 HTTP 500
PASS NP-100 HTTP 200
UNASSERTED NP-11 HTTP 500
FAIL NP-12 HTTP 405 — expected HTTP 400, got 405
FAIL NP-13 HTTP 405 — expected HTTP 400, got 405
UNASSERTED NP-14 HTTP 405
FAIL NP-19 HTTP 405 — expected HTTP 404, got 405
PASS NP-24 HTTP 400
UNASSERTED NP-25 HTTP 500
PASS NP-26 HTTP 404
PASS NP-27 HTTP 404
FAIL NP-28 HTTP 405 — expected HTTP 400, got 405
FAIL NP-29 HTTP 405 — expected HTTP 404, got 405
FAIL NP-30 HTTP 404 — expected HTTP 507, got 404
FAIL NP-31 HTTP 200 — expected HTTP 400, got 200
UNASSERTED NP-33 HTTP 500
UNASSERTED NP-35 HTTP 500
UNASSERTED NP-37 HTTP 500
UNASSERTED NP-39 HTTP 422
UNASSERTED NP-41 HTTP 500
UNASSERTED NP-42 HTTP 500
UNASSERTED NP-43 HTTP 200
UNASSERTED NP-45 HTTP 200
UNASSERTED NP-46 HTTP 500
UNASSERTED NP-47 HTTP 500
UNASSERTED NP-48 HTTP 500
PASS NP-49 HTTP 200
PASS NP-51 HTTP 404
PASS NP-52 HTTP 404
FAIL NP-53 HTTP 400 — expected HTTP 404, got 400
FAIL NP-54 HTTP 200 — expected HTTP 404, got 200
UNASSERTED NP-55 HTTP 404
UNASSERTED NP-58 HTTP 404
PASS NP-60 HTTP 412
PASS NP-61 HTTP 404
PASS NP-63 HTTP 412
UNASSERTED NP-66 HTTP 200
PASS NP-67 HTTP 404
FAIL NP-68 HTTP 404 — expected HTTP 400, got 404
FAIL NP-69 HTTP 405 — expected HTTP 400, got 405
FAIL NP-70 HTTP 405 — expected HTTP 404, got 405
PASS NP-71 HTTP 404
UNASSERTED NP-78 HTTP 422
UNASSERTED NP-79 HTTP 500
UNASSERTED NP-80 HTTP 500
UNASSERTED NP-82 HTTP 500
UNASSERTED NP-83 HTTP 500
UNASSERTED NP-85 HTTP 500
UNASSERTED NP-89 HTTP 200
PASS NP-96 HTTP 400
UNASSERTED NP-97 HTTP 404
UNASSERTED NP-98 HTTP 500

summary: passed=22 failed=13 skipped=0 unasserted=28
EXIT:1
