   Compiling blueos-catalog v0.1.0 (/home/joaoantoniocardoso/BlueRobotics/BlueOS-docker-2.0-model/catalog)
    Finished `dev` profile [unoptimized + debuginfo] target(s) in 0.87s
     Running `target/debug/journey_http --ui --base 'http://192.168.0.177' --journey calibrate_accelerometer --report extras/qa-1.4-full/reports/192.168.0.177/ui-accel.json`
journey_http: ui — 2 plan(s)
base: http://192.168.0.177
dut: tag=1.4-dev digest=sha256:5b50dfafc3114651d459993c0c65639d7205634613fb62e0dea5ee04de8eebb1


Running 1 test using 1 worker

UI_RESULT wizard_skip PASS
  ✓  1 [chromium] › tests/journey_ui.spec.ts:389:7 › ui: wizard_skip (1.4s)

  1 passed (1.6s)

npm notice run npx
npm notice run 'playwright' test tests/journey_ui.spec.ts --reporter=list
(node:3952981) Warning: The 'NO_COLOR' env is ignored due to the 'FORCE_COLOR' env being set.
(Use `node --trace-warnings ...` to show where the warning was created)
PASS wizard_skip
journey_http: SITL frame calibration

Running 1 test using 1 worker

SERVO5=1150 want=1150
SERVO5=1150 want=1150
SERVO5=1150 want=1150
SERVO5=1150 want=1150
SERVO5=1150 want=1150
SERVO5=1150 want=1150
UI_RESULT calibrate_accelerometer PASS
  ✓  1 [chromium] › tests/journey_ui.spec.ts:389:7 › ui: calibrate_accelerometer (33.5s)

  1 passed (33.7s)

npm notice run npx
npm notice run 'playwright' test tests/journey_ui.spec.ts --reporter=list
(node:3953393) Warning: The 'NO_COLOR' env is ignored due to the 'FORCE_COLOR' env being set.
(Use `node --trace-warnings ...` to show where the warning was created)
PASS calibrate_accelerometer

summary: passed=2 failed=0 skipped=0 unasserted=0
