    Finished `dev` profile [unoptimized + debuginfo] target(s) in 0.03s
     Running `target/debug/journey_http --ui --base 'http://192.168.0.177' --journey calibrate_compass --report extras/qa-1.4-full/reports/192.168.0.177/ui-compass.json`
journey_http: ui — 2 plan(s)
base: http://192.168.0.177
dut: tag=1.4-dev digest=sha256:5b50dfafc3114651d459993c0c65639d7205634613fb62e0dea5ee04de8eebb1


Running 1 test using 1 worker

UI_RESULT wizard_skip PASS
  ✓  1 [chromium] › tests/journey_ui.spec.ts:436:7 › ui: wizard_skip (1.5s)

  1 passed (1.8s)

npm notice run npx
npm notice run 'playwright' test tests/journey_ui.spec.ts --reporter=list
(node:4043701) Warning: The 'NO_COLOR' env is ignored due to the 'FORCE_COLOR' env being set.
(Use `node --trace-warnings ...` to show where the warning was created)
PASS wizard_skip
journey_http: SITL frame calibration

Running 1 test using 1 worker

SERVO5=1150 want=1250
SERVO5=1250 mag-dance
compass reports ready (rows=3 Onboard Compass Calibration Spin your vehicle around all of its axes until the progress bar completes. Compass Fitness (mGauss)LSM303D 0 UAVCAN 0 AK8963 0 99% CANCEL)
UI_RESULT calibrate_compass PASS
  ✓  1 [chromium] › tests/journey_ui.spec.ts:436:7 › ui: calibrate_compass (1.4m)

  1 passed (1.4m)

npm notice run npx
npm notice run 'playwright' test tests/journey_ui.spec.ts --reporter=list
(node:4044091) Warning: The 'NO_COLOR' env is ignored due to the 'FORCE_COLOR' env being set.
(Use `node --trace-warnings ...` to show where the warning was created)
PASS calibrate_compass

summary: passed=2 failed=0 skipped=0 unasserted=0
