    Finished `dev` profile [unoptimized + debuginfo] target(s) in 0.01s
     Running `target/debug/journey_http --ui --base 'http://192.168.0.177' --journey disable_onboard_dhcp_server --report extras/qa-1.4-full/reports/192.168.0.177/ui-disable_onboard_dhcp_server.json`
journey_http: ui — 2 plan(s)
base: http://192.168.0.177
dut: tag=1.4-dev digest=sha256:5b50dfafc3114651d459993c0c65639d7205634613fb62e0dea5ee04de8eebb1


Running 2 tests using 1 worker

UI_RESULT wizard_skip PASS
  ✓  1 [chromium] › tests/journey_ui.spec.ts:540:7 › ui: wizard_skip (906ms)
UI_PAGE disable_onboard_dhcp_server Widgets CPU Disk usb0 Networking wlan0 Networking uap0 Networking eth0 Networking smoke-catalog Autopilot Firmware Autopilot Parameters BlueOS Version Extensions Beta Log Browser Network Test Ping Sonar Devices System Information Vehicle Setup Video Streams BlueOS Version: heads/1.4-dev-0-g025c82bd Bootstrap Version: 1.4.4-beta.15 Build: 8/13/2026, 9:19:32 PM By Blue Robotics Welcome to BlueOS! Before you start, we highly recommend connecting to the internet and performing a system update to the latest available BlueOS version . Autopilot Firmware Update flight controller firmware, select the active autopilot, and start/stop ArduPilot (if using Navigator or SITL). Autopilot Parameters View and modify vehicle parameters. BlueOS Version Manage BlueOS versions and update to the latest available. Log Browser Allow browsing the Telemetry (.tlog) and Binary (.bin) logs generated by your vehicle. Bin logs are currently only supported for Navigator boards. Network Test Test link speed between topside computer and your vehicle. Ping Sonar Devices Manage detected Ping family sonar devices, connected to either your Onboard Computer or its local network. System Information Detailed system status information, CPU, memory, disk, and ethernet status. Vehicle Setup Vehicle and Peripherals setup. Includes sensor calibrations and Motors/Peripherals mapping. Video Streams Manage your video devices and video streams. eth0 Connected 192.168.2.2 Static IP 192.168.0.177 Dynamic IP ADD STATIC IP ASK FOR DYNAMIC IP ENABLE DHCP SERVER usb0 Not connected
UI_RESULT disable_onboard_dhcp_server FAIL Error: expect "Disable DHCP server" in page or iframe
  ✘  2 [chromium] › tests/journey_ui.spec.ts:540:7 › ui: disable_onboard_dhcp_server (31.1s)


  1) [chromium] › tests/journey_ui.spec.ts:540:7 › ui: disable_onboard_dhcp_server ─────────────────

    Error: expect "Disable DHCP server" in page or iframe

    expect(received).toBe(expected) // Object.is equality

    Expected: true
    Received: false

      488 |             await page.waitForTimeout(250);
      489 |           }
    > 490 |           expect(found, `expect "${action.text}" in page or iframe`).toBe(true);
          |                                                                      ^
      491 |           break;
      492 |         }
      493 |         case 'expect_iframe':
        at runPlan (/home/joaoantoniocardoso/BlueRobotics/BlueOS-docker-2.0-model/catalog/e2e/tests/journey_ui.spec.ts:490:70)
        at /home/joaoantoniocardoso/BlueRobotics/BlueOS-docker-2.0-model/catalog/e2e/tests/journey_ui.spec.ts:549:7

    attachment #1: screenshot (image/png) ──────────────────────────────────────────────────────────
    test-results/journey_ui-ui-disable-onboard-dhcp-server-chromium/test-failed-1.png
    ────────────────────────────────────────────────────────────────────────────────────────────────

    Error Context: test-results/journey_ui-ui-disable-onboard-dhcp-server-chromium/error-context.md

  1 failed
    [chromium] › tests/journey_ui.spec.ts:540:7 › ui: disable_onboard_dhcp_server ──────────────────
  1 passed (32.2s)

npm notice run npx
npm notice run 'playwright' test tests/journey_ui.spec.ts --reporter=list
(node:798979) Warning: The 'NO_COLOR' env is ignored due to the 'FORCE_COLOR' env being set.
(Use `node --trace-warnings ...` to show where the warning was created)
PASS wizard_skip
FAIL disable_onboard_dhcp_server — Error: expect "Disable DHCP server" in page or iframe

summary: passed=1 failed=1 skipped=0 unasserted=0
