   Compiling blueos-catalog v0.1.0 (/home/joaoantoniocardoso/BlueRobotics/BlueOS-docker-2.0-model/catalog)
    Finished `dev` profile [unoptimized + debuginfo] target(s) in 1.08s
     Running `target/debug/journey_http --ui --base 'http://192.168.0.177' --journey level_horizon --report extras/qa-1.4-full/reports/192.168.0.177/ui-level.json`
journey_http: ui — 2 plan(s)
base: http://192.168.0.177
dut: tag=1.4-dev digest=sha256:5b50dfafc3114651d459993c0c65639d7205634613fb62e0dea5ee04de8eebb1


Running 1 test using 1 worker

UI_RESULT wizard_skip PASS
  ✓  1 [chromium] › tests/journey_ui.spec.ts:308:7 › ui: wizard_skip (1.8s)

  1 passed (2.0s)

npm notice run npx
npm notice run 'playwright' test tests/journey_ui.spec.ts --reporter=list
(node:3811998) Warning: The 'NO_COLOR' env is ignored due to the 'FORCE_COLOR' env being set.
(Use `node --trace-warnings ...` to show where the warning was created)
PASS wizard_skip
journey_http: SITL frame calibration

Running 1 test using 1 worker

SERVO5=1150 want=1150
UI_RESULT level_horizon PASS
  ✓  1 [chromium] › tests/journey_ui.spec.ts:308:7 › ui: level_horizon (8.2s)

  1 passed (8.4s)

npm notice run npx
npm notice run 'playwright' test tests/journey_ui.spec.ts --reporter=list
(node:3812489) Warning: The 'NO_COLOR' env is ignored due to the 'FORCE_COLOR' env being set.
(Use `node --trace-warnings ...` to show where the warning was created)
PASS level_horizon

summary: passed=2 failed=0 skipped=0 unasserted=0
