    Finished `dev` profile [unoptimized + debuginfo] target(s) in 0.01s
     Running `target/debug/journey_http --ui --base 'http://192.168.0.177' --report extras/qa-1.4-full/reports/192.168.0.177/ui.json`
journey_http: ui — 7 plan(s)
base: http://192.168.0.177
dut: tag=1.4-dev digest=sha256:5b50dfafc3114651d459993c0c65639d7205634613fb62e0dea5ee04de8eebb1


Running 1 test using 1 worker

UI_RESULT wizard_skip PASS
  ✓  1 [chromium] › tests/journey_ui.spec.ts:436:7 › ui: wizard_skip (1.9s)

  1 passed (2.1s)

npm notice run npx
npm notice run 'playwright' test tests/journey_ui.spec.ts --reporter=list
(node:4045855) Warning: The 'NO_COLOR' env is ignored due to the 'FORCE_COLOR' env being set.
(Use `node --trace-warnings ...` to show where the warning was created)
PASS wizard_skip
journey_http: SITL frame calibration

Running 5 tests using 1 worker

SERVO5=1150 want=1050
UI_RESULT calibrate_gyroscope PASS
  ✓  1 [chromium] › tests/journey_ui.spec.ts:436:7 › ui: calibrate_gyroscope (4.7s)
SERVO5=1050 want=1050
UI_RESULT calibrate_barometer PASS
  ✓  2 [chromium] › tests/journey_ui.spec.ts:436:7 › ui: calibrate_barometer (6.9s)
SERVO5=1050 want=1150
UI_RESULT level_horizon PASS
  ✓  3 [chromium] › tests/journey_ui.spec.ts:436:7 › ui: level_horizon (6.5s)
SERVO5=1150 want=1150
SERVO5=1150 want=1150
SERVO5=1150 want=1150
SERVO5=1150 want=1150
SERVO5=1150 want=1150
SERVO5=1150 want=1150
UI_RESULT calibrate_accelerometer PASS
  ✓  4 [chromium] › tests/journey_ui.spec.ts:436:7 › ui: calibrate_accelerometer (31.9s)
SERVO5=1150 want=1250
SERVO5=1250 mag-dance
compass reports ready (rows=3 Onboard Compass Calibration Spin your vehicle around all of its axes until the progress bar completes. Compass Fitness (mGauss)UAVCAN 0 LSM303D 0 AK8963 0 98% CANCEL)
UI_RESULT calibrate_compass PASS
  ✓  5 [chromium] › tests/journey_ui.spec.ts:436:7 › ui: calibrate_compass (1.4m)

  5 passed (2.2m)

npm notice run npx
npm notice run 'playwright' test tests/journey_ui.spec.ts --reporter=list
(node:4046314) Warning: The 'NO_COLOR' env is ignored due to the 'FORCE_COLOR' env being set.
(Use `node --trace-warnings ...` to show where the warning was created)
PASS calibrate_gyroscope
PASS calibrate_barometer
PASS level_horizon
PASS calibrate_accelerometer
PASS calibrate_compass
journey_http: SITL frame vectored

Running 1 test using 1 worker

[detect_motor_directions] HTTP 404 http://192.168.0.177/img/icons/motordetection.svg
UI_RESULT detect_motor_directions PASS
  ✓  1 [chromium] › tests/journey_ui.spec.ts:436:7 › ui: detect_motor_directions (16.7s)

  1 passed (16.9s)

npm notice run npx
npm notice run 'playwright' test tests/journey_ui.spec.ts --reporter=list
(node:4048690) Warning: The 'NO_COLOR' env is ignored due to the 'FORCE_COLOR' env being set.
(Use `node --trace-warnings ...` to show where the warning was created)
PASS detect_motor_directions

summary: passed=7 failed=0 skipped=0 unasserted=0
